1md2qa.bsp
2box4.bsp
2box6.bsp
aeroq2.bsp
bloodrun.bsp
broken3.bsp
catodm1.bsp
cog2dm1.bsp
colour.bsp
frdm3.bsp
fury.bsp
grdm3.bsp
growlis.bsp
jlib.bsp
jpal.bsp
karelia.bsp
kduel1.bsp
kduel2.bsp
kduel3.bsp
kduel4.bsp
kduel5.bsp
koldduel1.bsp
mag2dm2.bsp
match1.bsp
ohmdm4.bsp
omf.bsp
painklr2.bsp
paradm1.bsp
paradm2.bsp
pro-q2dm1.bsp
pro-q2dm1b.bsp
pro-q3dm6.bsp
pro_q2t4.bsp
ptrip.bsp
q2campgrnds.bsp
q2dm1-arenaquad.bsp.override
q2dm1pro.bsp
q2dmm.bsp
q2duel1.bsp
q2duel2.bsp
q2duel3.bsp
q2duel4.bsp
q2duel5.bsp
q2duel6.bsp
q2duel7.bsp
q2duel8.bsp
q2ht1.bsp
q2mk1.bsp
q2next1.bsp
q2next2.bsp
q2pduel1.bsp
q2pduel2.bsp
q2pduel3.bsp
q2pduel4.bsp
q2pduel6.bsp
q2pduel8.bsp
q2q1dm4.bsp
q2q3dm6.bsp
q2rdm1.bsp
q2rdm10.bsp
q2rdm11.bsp
q2rdm12.bsp
q2rdm13.bsp
q2rdm14.bsp
q2rdm15.bsp
q2rdm2.bsp
q2rdm3.bsp
q2rdm4.bsp
q2rdm5.bsp
q2rdm6.bsp
q2rdm7.bsp
q2rdm8.bsp
q2rdm9.bsp
q3dm7.bsp
rail.bsp
redyard.bsp
rene51.bsp
sith_dm2.bsp
spirit2dm1.bsp
spirit2dm2.bsp
spirit2dm2ld.bsp
spirit2dm3.bsp
spirit2dm4.bsp
spirit2dm5.bsp
spirit2dm6.bsp
spirit2dm7.bsp
spirit2dm9.bsp
tltf.bsp
tltf2.bsp
torment.bsp
unrdm1.bsp
vascular.bsp
wasted.bsp
ztn2dm1.bsp
ztn2dm2.bsp
ztn2dm3.bsp
ztn2dm4.bsp
ztn2dm5.bsp 
